--- Relatório Léxico ---
Ficheiro Fonte: examples/exemplo4_soma.f
Data/Hora: 2026-05-09 15:34:36
----------------------------------------

LexToken(PROGRAM,'PROGRAM',1,6)
LexToken(IDENTIFIER,'SOMAARR',1,14)
LexToken(NEWLINE,'\n',1,21)
LexToken(INTEGER,'INTEGER',2,28)
LexToken(IDENTIFIER,'NUMS',2,36)
LexToken(LPAREN,'(',2,40)
LexToken(NUMBER,5,2,41)
LexToken(RPAREN,')',2,42)
LexToken(NEWLINE,'\n',2,43)
LexToken(INTEGER,'INTEGER',3,50)
LexToken(IDENTIFIER,'I',3,58)
LexToken(COMMA,',',3,59)
LexToken(IDENTIFIER,'SOMA',3,61)
LexToken(NEWLINE,'\n',3,65)
LexToken(IDENTIFIER,'SOMA',4,72)
LexToken(ASSIGN,'=',4,77)
LexToken(NUMBER,0,4,79)
LexToken(NEWLINE,'\n',4,80)
LexToken(PRINT,'PRINT',5,87)
LexToken(TIMES,'*',5,93)
LexToken(COMMA,',',5,94)
LexToken(STRING,'Introduza 5 numeros inteiros:',5,96)
LexToken(NEWLINE,'\n',5,127)
LexToken(DO,'DO',6,134)
LexToken(NUMBER,30,6,137)
LexToken(IDENTIFIER,'I',6,140)
LexToken(ASSIGN,'=',6,142)
LexToken(NUMBER,1,6,144)
LexToken(COMMA,',',6,145)
LexToken(NUMBER,5,6,147)
LexToken(NEWLINE,'\n',6,148)
LexToken(READ,'READ',7,157)
LexToken(TIMES,'*',7,162)
LexToken(COMMA,',',7,163)
LexToken(IDENTIFIER,'NUMS',7,165)
LexToken(LPAREN,'(',7,169)
LexToken(IDENTIFIER,'I',7,170)
LexToken(RPAREN,')',7,171)
LexToken(NEWLINE,'\n',7,172)
LexToken(IDENTIFIER,'SOMA',8,181)
LexToken(ASSIGN,'=',8,186)
LexToken(IDENTIFIER,'SOMA',8,188)
LexToken(PLUS,'+',8,193)
LexToken(IDENTIFIER,'NUMS',8,195)
LexToken(LPAREN,'(',8,199)
LexToken(IDENTIFIER,'I',8,200)
LexToken(RPAREN,')',8,201)
LexToken(NEWLINE,'\n',8,202)
LexToken(NUMBER,30,9,206)
LexToken(CONTINUE,'CONTINUE',9,209)
LexToken(NEWLINE,'\n',9,217)
LexToken(PRINT,'PRINT',10,224)
LexToken(TIMES,'*',10,230)
LexToken(COMMA,',',10,231)
LexToken(STRING,'A soma dos numeros e: ',10,233)
LexToken(COMMA,',',10,257)
LexToken(IDENTIFIER,'SOMA',10,259)
LexToken(NEWLINE,'\n',10,263)
LexToken(END,'END',11,270)