--- Árvore Sintática Abstrata (AST) ---
Ficheiro Fonte: examples/exemplo3_primo.f
Data/Hora: 2026-05-09 15:34:33
----------------------------------------

( 'program',
  [ ( 'main_program',
      'PRIMO',
      ( 'body',
        [ ('decl', 'integer', [('var_decl', 'NUM'), ('var_decl', 'I')]),
          ('decl', 'logical', [('var_decl', 'ISPRIM')]),
          ('print', [('string', 'Introduza um numero inteiro positivo:')]),
          ('read', [('var', 'NUM')]),
          ('assign', ('var', 'ISPRIM'), ('bool', True)),
          ('assign', ('var', 'I'), ('num', 2)),
          ( 'labeled',
            20,
            ( 'if_then',
              ( 'logop',
                'and',
                ( 'relop',
                  '.LE.',
                  ('var', 'I'),
                  ('binop', '/', ('var', 'NUM'), ('num', 2))),
                ('var', 'ISPRIM')),
              [ ( 'if_then',
                  ( 'relop',
                    '.EQ.',
                    ('call_or_array', 'MOD', [('var', 'NUM'), ('var', 'I')]),
                    ('num', 0)),
                  [('assign', ('var', 'ISPRIM'), ('bool', False))],
                  []),
                ( 'assign',
                  ('var', 'I'),
                  ('binop', '+', ('var', 'I'), ('num', 1))),
                ('goto', 20)],
              [])),
          ( 'if_then_else',
            ('var', 'ISPRIM'),
            [('print', [('var', 'NUM'), ('string', ' e um numero primo')])],
            [ ( 'print',
                [('var', 'NUM'), ('string', ' nao e um numero primo')])])]))])