--- Relatório Léxico ---
Ficheiro Fonte: examples/exemplo2_fatorial.f
Data/Hora: 2026-05-09 15:34:29
----------------------------------------

LexToken(PROGRAM,'PROGRAM',1,6)
LexToken(IDENTIFIER,'FATORIAL',1,14)
LexToken(NEWLINE,'\n',1,22)
LexToken(INTEGER,'INTEGER',2,29)
LexToken(IDENTIFIER,'N',2,37)
LexToken(COMMA,',',2,38)
LexToken(IDENTIFIER,'I',2,40)
LexToken(COMMA,',',2,41)
LexToken(IDENTIFIER,'FAT',2,43)
LexToken(NEWLINE,'\n',2,46)
LexToken(PRINT,'PRINT',3,53)
LexToken(TIMES,'*',3,59)
LexToken(COMMA,',',3,60)
LexToken(STRING,'Introduza um numero inteiro positivo:',3,62)
LexToken(NEWLINE,'\n',3,101)
LexToken(READ,'READ',4,108)
LexToken(TIMES,'*',4,113)
LexToken(COMMA,',',4,114)
LexToken(IDENTIFIER,'N',4,116)
LexToken(NEWLINE,'\n',4,117)
LexToken(IDENTIFIER,'FAT',5,124)
LexToken(ASSIGN,'=',5,128)
LexToken(NUMBER,1,5,130)
LexToken(NEWLINE,'\n',5,131)
LexToken(DO,'DO',6,138)
LexToken(NUMBER,10,6,141)
LexToken(IDENTIFIER,'I',6,144)
LexToken(ASSIGN,'=',6,146)
LexToken(NUMBER,1,6,148)
LexToken(COMMA,',',6,149)
LexToken(IDENTIFIER,'N',6,151)
LexToken(NEWLINE,'\n',6,152)
LexToken(IDENTIFIER,'FAT',7,161)
LexToken(ASSIGN,'=',7,165)
LexToken(IDENTIFIER,'FAT',7,167)
LexToken(TIMES,'*',7,171)
LexToken(IDENTIFIER,'I',7,173)
LexToken(NEWLINE,'\n',7,174)
LexToken(NUMBER,10,8,178)
LexToken(CONTINUE,'CONTINUE',8,181)
LexToken(NEWLINE,'\n',8,189)
LexToken(PRINT,'PRINT',9,196)
LexToken(TIMES,'*',9,202)
LexToken(COMMA,',',9,203)
LexToken(STRING,'Fatorial de',9,205)
LexToken(COMMA,',',9,218)
LexToken(IDENTIFIER,'N',9,220)
LexToken(COMMA,',',9,221)
LexToken(STRING,':',9,223)
LexToken(COMMA,',',9,226)
LexToken(IDENTIFIER,'FAT',9,228)
LexToken(NEWLINE,'\n',9,231)
LexToken(END,'END',10,238)