--- Árvore Sintática Abstrata (AST) ---
Ficheiro Fonte: examples/exemplo5_conversor.f
Data/Hora: 2026-05-09 15:34:40
----------------------------------------

( 'program',
  [ ( 'main_program',
      'CONVERSOR',
      ( 'body',
        [ ( 'decl',
            'integer',
            [ ('var_decl', 'NUM'),
              ('var_decl', 'BASE'),
              ('var_decl', 'RESULT'),
              ('var_decl', 'CONVRT')]),
          ('print', [('string', 'INTRODUZA UM NUMERO DECIMAL INTEIRO:')]),
          ('read', [('var', 'NUM')]),
          ('do', 10, 'BASE', ('num', 2), ('num', 9), None),
          ( 'assign',
            ('var', 'RESULT'),
            ('call_or_array', 'CONVRT', [('var', 'NUM'), ('var', 'BASE')])),
          ( 'print',
            [ ('string', 'BASE'),
              ('var', 'BASE'),
              ('string', ':'),
              ('var', 'RESULT')]),
          ('labeled', 10, ('continue',))])),
    ( 'function',
      'integer',
      'CONVRT',
      ['N', 'B'],
      ( 'body',
        [ ( 'decl',
            'integer',
            [ ('var_decl', 'N'),
              ('var_decl', 'B'),
              ('var_decl', 'QUOT'),
              ('var_decl', 'REM'),
              ('var_decl', 'POT'),
              ('var_decl', 'VAL')]),
          ('assign', ('var', 'VAL'), ('num', 0)),
          ('assign', ('var', 'POT'), ('num', 1)),
          ('assign', ('var', 'QUOT'), ('var', 'N')),
          ( 'labeled',
            20,
            ( 'if_then',
              ('relop', '.GT.', ('var', 'QUOT'), ('num', 0)),
              [ ( 'assign',
                  ('var', 'REM'),
                  ('call_or_array', 'MOD', [('var', 'QUOT'), ('var', 'B')])),
                ( 'assign',
                  ('var', 'VAL'),
                  ( 'binop',
                    '+',
                    ('var', 'VAL'),
                    ('binop', '*', ('var', 'REM'), ('var', 'POT')))),
                ( 'assign',
                  ('var', 'QUOT'),
                  ('binop', '/', ('var', 'QUOT'), ('var', 'B'))),
                ( 'assign',
                  ('var', 'POT'),
                  ('binop', '*', ('var', 'POT'), ('num', 10))),
                ('goto', 20)],
              [])),
          ('assign', ('var', 'CONVRT'), ('var', 'VAL')),
          ('return',)]))])