--- Representação Intermédia (IR) ---
Ficheiro Fonte: examples/exemplo5_conversor.f
Data/Hora: 2026-05-09 15:34:40
----------------------------------------

[ ('CONST', 0, 'integer'),
  ('CONST', 0, 'integer'),
  ('CONST', 0, 'integer'),
  ('CONST', 'INTRODUZA UM NUMERO DECIMAL INTEIRO:', 'string'),
  ('WRITE', 'string'),
  ('WRITELN',),
  ('READ', 'integer', 'NUM'),
  ('STORE', 'NUM', 'integer'),
  ('CONST', 2, 'integer'),
  ('STORE', 'BASE', 'integer'),
  ('LABEL', 'DO1'),
  ('LOAD', 'BASE', 'integer'),
  ('CONST', 9, 'integer'),
  ('RELOP', '.LE.', 'integer'),
  ('JZ', 'DOEND2'),
  ('CONST', 0, 'integer'),
  ('LOAD', 'NUM', 'integer'),
  ('LOAD', 'BASE', 'integer'),
  ('PUSHA', 'CONVRT'),
  ('CALL_USER', 'CONVRT', 2, True),
  ('POPN', 2),
  ('STORE', 'RESULT', 'integer'),
  ('CONST', 'BASE', 'string'),
  ('WRITE', 'string'),
  ('CONST', ' ', 'string'),
  ('WRITE', 'string'),
  ('LOAD', 'BASE', 'integer'),
  ('WRITE', 'integer'),
  ('CONST', ' ', 'string'),
  ('WRITE', 'string'),
  ('CONST', ':', 'string'),
  ('WRITE', 'string'),
  ('CONST', ' ', 'string'),
  ('WRITE', 'string'),
  ('LOAD', 'RESULT', 'integer'),
  ('WRITE', 'integer'),
  ('WRITELN',),
  ('LABEL', 'L10'),
  ('LOAD', 'BASE', 'integer'),
  ('CONST', 1, 'integer'),
  ('BINOP', '+', 'integer'),
  ('STORE', 'BASE', 'integer'),
  ('JUMP', 'DO1'),
  ('LABEL', 'DOEND2'),
  ('HALT',),
  ('LABEL', 'CONVRT'),
  ('PUSHN', 4),
  ('CONST', 0, 'integer'),
  ('STOREL', 'VAL', 'integer', 3),
  ('CONST', 1, 'integer'),
  ('STOREL', 'POT', 'integer', 2),
  ('LOADL', 'N', 'integer', -2),
  ('STOREL', 'QUOT', 'integer', 0),
  ('LABEL', 'L20'),
  ('LOADL', 'QUOT', 'integer', 0),
  ('CONST', 0, 'integer'),
  ('RELOP', '.GT.', 'integer'),
  ('JZ', 'IFEND3'),
  ('LOADL', 'QUOT', 'integer', 0),
  ('LOADL', 'B', 'integer', -1),
  ('CALL_BUILTIN', 'MOD', 2, 'integer'),
  ('STOREL', 'REM', 'integer', 1),
  ('LOADL', 'VAL', 'integer', 3),
  ('LOADL', 'REM', 'integer', 1),
  ('LOADL', 'POT', 'integer', 2),
  ('BINOP', '*', 'integer'),
  ('BINOP', '+', 'integer'),
  ('STOREL', 'VAL', 'integer', 3),
  ('LOADL', 'QUOT', 'integer', 0),
  ('LOADL', 'B', 'integer', -1),
  ('BINOP', '/', 'integer'),
  ('STOREL', 'QUOT', 'integer', 0),
  ('LOADL', 'POT', 'integer', 2),
  ('CONST', 10, 'integer'),
  ('BINOP', '*', 'integer'),
  ('STOREL', 'POT', 'integer', 2),
  ('JUMP', 'L20'),
  ('LABEL', 'IFEND3'),
  ('LOADL', 'VAL', 'integer', 3),
  ('STOREL', 'CONVRT', 'integer', -3),
  ('POPN', 4),
  ('RETURN',)]