--- IR Otimizada ---
Ficheiro Fonte: examples/exemplo2_fatorial.f
Data/Hora: 2026-05-09 15:34:29
----------------------------------------

[ ('CONST', 0, 'integer'),
  ('CONST', 0, 'integer'),
  ('CONST', 0, 'integer'),
  ('CONST', 'Introduza um numero inteiro positivo:', 'string'),
  ('WRITE', 'string'),
  ('WRITELN',),
  ('READ', 'integer', 'N'),
  ('STORE', 'N', 'integer'),
  ('CONST', 1, 'integer'),
  ('STORE', 'FAT', 'integer'),
  ('CONST', 1, 'integer'),
  ('STORE', 'I', 'integer'),
  ('LABEL', 'DO1'),
  ('LOAD', 'I', 'integer'),
  ('LOAD', 'N', 'integer'),
  ('RELOP', '.LE.', 'integer'),
  ('JZ', 'DOEND2'),
  ('LOAD', 'FAT', 'integer'),
  ('LOAD', 'I', 'integer'),
  ('BINOP', '*', 'integer'),
  ('STORE', 'FAT', 'integer'),
  ('LOAD', 'I', 'integer'),
  ('CONST', 1, 'integer'),
  ('BINOP', '+', 'integer'),
  ('STORE', 'I', 'integer'),
  ('JUMP', 'DO1'),
  ('LABEL', 'DOEND2'),
  ('CONST', 'Fatorial de', 'string'),
  ('WRITE', 'string'),
  ('CONST', ' ', 'string'),
  ('WRITE', 'string'),
  ('LOAD', 'N', 'integer'),
  ('WRITE', 'integer'),
  ('CONST', ' ', 'string'),
  ('WRITE', 'string'),
  ('CONST', ':', 'string'),
  ('WRITE', 'string'),
  ('CONST', ' ', 'string'),
  ('WRITE', 'string'),
  ('LOAD', 'FAT', 'integer'),
  ('WRITE', 'integer'),
  ('WRITELN',),
  ('HALT',)]