--- IR Otimizada ---
Ficheiro Fonte: examples/exemplo4_soma.f
Data/Hora: 2026-05-09 15:34:36
----------------------------------------

[ ('CONST', 0, 'integer'),
  ('CONST', 0, 'integer'),
  ('CONST', 0, 'integer'),
  ('CONST', 0, 'integer'),
  ('CONST', 0, 'integer'),
  ('CONST', 0, 'integer'),
  ('CONST', 0, 'integer'),
  ('CONST', 0, 'integer'),
  ('STORE', 'SOMA', 'integer'),
  ('CONST', 'Introduza 5 numeros inteiros:', 'string'),
  ('WRITE', 'string'),
  ('WRITELN',),
  ('CONST', 1, 'integer'),
  ('STORE', 'I', 'integer'),
  ('LABEL', 'DO1'),
  ('LOAD', 'I', 'integer'),
  ('CONST', 5, 'integer'),
  ('RELOP', '.LE.', 'integer'),
  ('JZ', 'DOEND2'),
  ('READ', 'integer', 'NUMS'),
  ('LOAD', 'I', 'integer'),
  ('STOREIDX', 'NUMS', 'integer'),
  ('LOAD', 'SOMA', 'integer'),
  ('LOAD', 'I', 'integer'),
  ('LOADIDX', 'NUMS', 'integer'),
  ('BINOP', '+', 'integer'),
  ('STORE', 'SOMA', 'integer'),
  ('LOAD', 'I', 'integer'),
  ('CONST', 1, 'integer'),
  ('BINOP', '+', 'integer'),
  ('STORE', 'I', 'integer'),
  ('JUMP', 'DO1'),
  ('LABEL', 'DOEND2'),
  ('CONST', 'A soma dos numeros e: ', 'string'),
  ('WRITE', 'string'),
  ('CONST', ' ', 'string'),
  ('WRITE', 'string'),
  ('LOAD', 'SOMA', 'integer'),
  ('WRITE', 'integer'),
  ('WRITELN',),
  ('HALT',)]