--- AST Anotada (Semântica) ---
Ficheiro Fonte: examples/exemplo5_conversor.f
Data/Hora: 2026-05-09 15:34:40
----------------------------------------

( 'program',
  [ ( 'main_program',
      'CONVERSOR',
      ( 'body',
        [ ( 'decl',
            'integer',
            [ ('var_decl', 'NUM'),
              ('var_decl', 'BASE'),
              ('var_decl', 'RESULT'),
              ('var_decl', 'CONVRT')]),
          ( 'print',
            [ ( 'string',
                'INTRODUZA UM NUMERO DECIMAL INTEIRO:',
                {'type': 'string'})]),
          ('read', [('var', 'NUM', {'type': 'integer'})]),
          ( 'do',
            10,
            'BASE',
            ('num', 2, {'type': 'integer'}),
            ('num', 9, {'type': 'integer'}),
            None),
          ( 'assign',
            ('var', 'RESULT'),
            ( 'call',
              'CONVRT',
              [ ('var', 'NUM', {'type': 'integer'}),
                ('var', 'BASE', {'type': 'integer'})],
              {'type': 'integer'})),
          ( 'print',
            [ ('string', 'BASE', {'type': 'string'}),
              ('var', 'BASE', {'type': 'integer'}),
              ('string', ':', {'type': 'string'}),
              ('var', 'RESULT', {'type': 'integer'})]),
          ('labeled', 10, ('continue',))])),
    ( 'function',
      'integer',
      'CONVRT',
      ['N', 'B'],
      ( 'body',
        [ ( 'decl',
            'integer',
            [ ('var_decl', 'N'),
              ('var_decl', 'B'),
              ('var_decl', 'QUOT'),
              ('var_decl', 'REM'),
              ('var_decl', 'POT'),
              ('var_decl', 'VAL')]),
          ('assign', ('var', 'VAL'), ('num', 0, {'type': 'integer'})),
          ('assign', ('var', 'POT'), ('num', 1, {'type': 'integer'})),
          ('assign', ('var', 'QUOT'), ('var', 'N', {'type': 'integer'})),
          ( 'labeled',
            20,
            ( 'if_then',
              ( 'relop',
                '.GT.',
                ('var', 'QUOT', {'type': 'integer'}),
                ('num', 0, {'type': 'integer'}),
                {'type': 'logical'}),
              [ ( 'assign',
                  ('var', 'REM'),
                  ( 'call',
                    'MOD',
                    [ ('var', 'QUOT', {'type': 'integer'}),
                      ('var', 'B', {'type': 'integer'})],
                    {'type': 'integer'})),
                ( 'assign',
                  ('var', 'VAL'),
                  ( 'binop',
                    '+',
                    ('var', 'VAL', {'type': 'integer'}),
                    ( 'binop',
                      '*',
                      ('var', 'REM', {'type': 'integer'}),
                      ('var', 'POT', {'type': 'integer'}),
                      {'type': 'integer'}),
                    {'type': 'integer'})),
                ( 'assign',
                  ('var', 'QUOT'),
                  ( 'binop',
                    '/',
                    ('var', 'QUOT', {'type': 'integer'}),
                    ('var', 'B', {'type': 'integer'}),
                    {'type': 'integer'})),
                ( 'assign',
                  ('var', 'POT'),
                  ( 'binop',
                    '*',
                    ('var', 'POT', {'type': 'integer'}),
                    ('num', 10, {'type': 'integer'}),
                    {'type': 'integer'})),
                ('goto', 20)],
              [])),
          ('assign', ('var', 'CONVRT'), ('var', 'VAL', {'type': 'integer'})),
          ('return',)]))])