--- Representação Intermédia (IR) ---
Ficheiro Fonte: examples/exemplo3_primo.f
Data/Hora: 2026-05-09 15:34:33
----------------------------------------

[ ('CONST', 0, 'integer'),
  ('CONST', 0, 'integer'),
  ('CONST', 0, 'logical'),
  ('CONST', 'Introduza um numero inteiro positivo:', 'string'),
  ('WRITE', 'string'),
  ('WRITELN',),
  ('READ', 'integer', 'NUM'),
  ('STORE', 'NUM', 'integer'),
  ('CONST', 1, 'logical'),
  ('STORE', 'ISPRIM', 'logical'),
  ('CONST', 2, 'integer'),
  ('STORE', 'I', 'integer'),
  ('LABEL', 'L20'),
  ('LOAD', 'I', 'integer'),
  ('LOAD', 'NUM', 'integer'),
  ('CONST', 2, 'integer'),
  ('BINOP', '/', 'integer'),
  ('RELOP', '.LE.', 'integer'),
  ('LOAD', 'ISPRIM', 'logical'),
  ('LOGOP', 'and'),
  ('JZ', 'IFEND1'),
  ('LOAD', 'NUM', 'integer'),
  ('LOAD', 'I', 'integer'),
  ('CALL_BUILTIN', 'MOD', 2, 'integer'),
  ('CONST', 0, 'integer'),
  ('RELOP', '.EQ.', 'integer'),
  ('JZ', 'IFEND2'),
  ('CONST', 0, 'logical'),
  ('STORE', 'ISPRIM', 'logical'),
  ('LABEL', 'IFEND2'),
  ('LOAD', 'I', 'integer'),
  ('CONST', 1, 'integer'),
  ('BINOP', '+', 'integer'),
  ('STORE', 'I', 'integer'),
  ('JUMP', 'L20'),
  ('LABEL', 'IFEND1'),
  ('LOAD', 'ISPRIM', 'logical'),
  ('JZ', 'IFELSE3'),
  ('LOAD', 'NUM', 'integer'),
  ('WRITE', 'integer'),
  ('CONST', ' ', 'string'),
  ('WRITE', 'string'),
  ('CONST', ' e um numero primo', 'string'),
  ('WRITE', 'string'),
  ('WRITELN',),
  ('JUMP', 'IFEND4'),
  ('LABEL', 'IFELSE3'),
  ('LOAD', 'NUM', 'integer'),
  ('WRITE', 'integer'),
  ('CONST', ' ', 'string'),
  ('WRITE', 'string'),
  ('CONST', ' nao e um numero primo', 'string'),
  ('WRITE', 'string'),
  ('WRITELN',),
  ('LABEL', 'IFEND4'),
  ('HALT',)]