--- AST Anotada (Semântica) ---
Ficheiro Fonte: examples/exemplo4_soma.f
Data/Hora: 2026-05-09 15:34:36
----------------------------------------

( 'program',
  [ ( 'main_program',
      'SOMAARR',
      ( 'body',
        [ ('decl', 'integer', [('array_decl', 'NUMS', 5)]),
          ('decl', 'integer', [('var_decl', 'I'), ('var_decl', 'SOMA')]),
          ('assign', ('var', 'SOMA'), ('num', 0, {'type': 'integer'})),
          ( 'print',
            [('string', 'Introduza 5 numeros inteiros:', {'type': 'string'})]),
          ( 'do',
            30,
            'I',
            ('num', 1, {'type': 'integer'}),
            ('num', 5, {'type': 'integer'}),
            None),
          ( 'read',
            [ ( 'index',
                'NUMS',
                [('var', 'I', {'type': 'integer'})],
                {'type': 'integer'})]),
          ( 'assign',
            ('var', 'SOMA'),
            ( 'binop',
              '+',
              ('var', 'SOMA', {'type': 'integer'}),
              ( 'index',
                'NUMS',
                [('var', 'I', {'type': 'integer'})],
                {'type': 'integer'}),
              {'type': 'integer'})),
          ('labeled', 30, ('continue',)),
          ( 'print',
            [ ('string', 'A soma dos numeros e: ', {'type': 'string'}),
              ('var', 'SOMA', {'type': 'integer'})])]))])