--- Relatório Léxico ---
Ficheiro Fonte: examples/exemplo5_conversor.f
Data/Hora: 2026-05-09 15:34:40
----------------------------------------

LexToken(PROGRAM,'PROGRAM',1,6)
LexToken(IDENTIFIER,'CONVERSOR',1,14)
LexToken(NEWLINE,'\n',1,23)
LexToken(INTEGER,'INTEGER',2,30)
LexToken(IDENTIFIER,'NUM',2,38)
LexToken(COMMA,',',2,41)
LexToken(IDENTIFIER,'BASE',2,43)
LexToken(COMMA,',',2,47)
LexToken(IDENTIFIER,'RESULT',2,49)
LexToken(COMMA,',',2,55)
LexToken(IDENTIFIER,'CONVRT',2,57)
LexToken(NEWLINE,'\n',2,63)
LexToken(PRINT,'PRINT',3,70)
LexToken(TIMES,'*',3,76)
LexToken(COMMA,',',3,77)
LexToken(STRING,'INTRODUZA UM NUMERO DECIMAL INTEIRO:',3,79)
LexToken(NEWLINE,'\n',3,117)
LexToken(READ,'READ',4,124)
LexToken(TIMES,'*',4,129)
LexToken(COMMA,',',4,130)
LexToken(IDENTIFIER,'NUM',4,132)
LexToken(NEWLINE,'\n',4,135)
LexToken(DO,'DO',5,142)
LexToken(NUMBER,10,5,145)
LexToken(IDENTIFIER,'BASE',5,148)
LexToken(ASSIGN,'=',5,153)
LexToken(NUMBER,2,5,155)
LexToken(COMMA,',',5,156)
LexToken(NUMBER,9,5,158)
LexToken(NEWLINE,'\n',5,159)
LexToken(IDENTIFIER,'RESULT',6,168)
LexToken(ASSIGN,'=',6,175)
LexToken(IDENTIFIER,'CONVRT',6,177)
LexToken(LPAREN,'(',6,183)
LexToken(IDENTIFIER,'NUM',6,184)
LexToken(COMMA,',',6,187)
LexToken(IDENTIFIER,'BASE',6,189)
LexToken(RPAREN,')',6,193)
LexToken(NEWLINE,'\n',6,194)
LexToken(PRINT,'PRINT',7,203)
LexToken(TIMES,'*',7,209)
LexToken(COMMA,',',7,210)
LexToken(STRING,'BASE',7,212)
LexToken(COMMA,',',7,218)
LexToken(IDENTIFIER,'BASE',7,220)
LexToken(COMMA,',',7,224)
LexToken(STRING,':',7,226)
LexToken(COMMA,',',7,229)
LexToken(IDENTIFIER,'RESULT',7,231)
LexToken(NEWLINE,'\n',7,237)
LexToken(NUMBER,10,8,241)
LexToken(CONTINUE,'CONTINUE',8,244)
LexToken(NEWLINE,'\n',8,252)
LexToken(END,'END',9,259)
LexToken(NEWLINE,'\n\n',9,262)
LexToken(INTEGER,'INTEGER',11,270)
LexToken(FUNCTION,'FUNCTION',11,278)
LexToken(IDENTIFIER,'CONVRT',11,287)
LexToken(LPAREN,'(',11,293)
LexToken(IDENTIFIER,'N',11,294)
LexToken(COMMA,',',11,295)
LexToken(IDENTIFIER,'B',11,297)
LexToken(RPAREN,')',11,298)
LexToken(NEWLINE,'\n',11,299)
LexToken(INTEGER,'INTEGER',12,306)
LexToken(IDENTIFIER,'N',12,314)
LexToken(COMMA,',',12,315)
LexToken(IDENTIFIER,'B',12,317)
LexToken(COMMA,',',12,318)
LexToken(IDENTIFIER,'QUOT',12,320)
LexToken(COMMA,',',12,324)
LexToken(IDENTIFIER,'REM',12,326)
LexToken(COMMA,',',12,329)
LexToken(IDENTIFIER,'POT',12,331)
LexToken(COMMA,',',12,334)
LexToken(IDENTIFIER,'VAL',12,336)
LexToken(NEWLINE,'\n',12,339)
LexToken(IDENTIFIER,'VAL',13,346)
LexToken(ASSIGN,'=',13,350)
LexToken(NUMBER,0,13,352)
LexToken(NEWLINE,'\n',13,353)
LexToken(IDENTIFIER,'POT',14,360)
LexToken(ASSIGN,'=',14,364)
LexToken(NUMBER,1,14,366)
LexToken(NEWLINE,'\n',14,367)
LexToken(IDENTIFIER,'QUOT',15,374)
LexToken(ASSIGN,'=',15,379)
LexToken(IDENTIFIER,'N',15,381)
LexToken(NEWLINE,'\n',15,382)
LexToken(NUMBER,20,16,386)
LexToken(IF,'IF',16,389)
LexToken(LPAREN,'(',16,392)
LexToken(IDENTIFIER,'QUOT',16,393)
LexToken(GT,'.GT.',16,398)
LexToken(NUMBER,0,16,403)
LexToken(RPAREN,')',16,404)
LexToken(THEN,'THEN',16,406)
LexToken(NEWLINE,'\n',16,410)
LexToken(IDENTIFIER,'REM',17,419)
LexToken(ASSIGN,'=',17,423)
LexToken(IDENTIFIER,'MOD',17,425)
LexToken(LPAREN,'(',17,428)
LexToken(IDENTIFIER,'QUOT',17,429)
LexToken(COMMA,',',17,433)
LexToken(IDENTIFIER,'B',17,435)
LexToken(RPAREN,')',17,436)
LexToken(NEWLINE,'\n',17,437)
LexToken(IDENTIFIER,'VAL',18,446)
LexToken(ASSIGN,'=',18,450)
LexToken(IDENTIFIER,'VAL',18,452)
LexToken(PLUS,'+',18,456)
LexToken(LPAREN,'(',18,458)
LexToken(IDENTIFIER,'REM',18,459)
LexToken(TIMES,'*',18,463)
LexToken(IDENTIFIER,'POT',18,465)
LexToken(RPAREN,')',18,468)
LexToken(NEWLINE,'\n',18,469)
LexToken(IDENTIFIER,'QUOT',19,478)
LexToken(ASSIGN,'=',19,483)
LexToken(IDENTIFIER,'QUOT',19,485)
LexToken(DIVIDE,'/',19,490)
LexToken(IDENTIFIER,'B',19,492)
LexToken(NEWLINE,'\n',19,493)
LexToken(IDENTIFIER,'POT',20,502)
LexToken(ASSIGN,'=',20,506)
LexToken(IDENTIFIER,'POT',20,508)
LexToken(TIMES,'*',20,512)
LexToken(NUMBER,10,20,514)
LexToken(NEWLINE,'\n',20,516)
LexToken(GOTO,'GOTO',21,525)
LexToken(NUMBER,20,21,530)
LexToken(NEWLINE,'\n',21,532)
LexToken(ENDIF,'ENDIF',22,539)
LexToken(NEWLINE,'\n',22,544)
LexToken(IDENTIFIER,'CONVRT',23,551)
LexToken(ASSIGN,'=',23,558)
LexToken(IDENTIFIER,'VAL',23,560)
LexToken(NEWLINE,'\n',23,563)
LexToken(RETURN,'RETURN',24,570)
LexToken(NEWLINE,'\n',24,576)
LexToken(END,'END',25,583)