--- AST Anotada (Semântica) ---
Ficheiro Fonte: examples/exemplo3_primo.f
Data/Hora: 2026-05-09 15:34:33
----------------------------------------

( 'program',
  [ ( 'main_program',
      'PRIMO',
      ( 'body',
        [ ('decl', 'integer', [('var_decl', 'NUM'), ('var_decl', 'I')]),
          ('decl', 'logical', [('var_decl', 'ISPRIM')]),
          ( 'print',
            [ ( 'string',
                'Introduza um numero inteiro positivo:',
                {'type': 'string'})]),
          ('read', [('var', 'NUM', {'type': 'integer'})]),
          ('assign', ('var', 'ISPRIM'), ('bool', True, {'type': 'logical'})),
          ('assign', ('var', 'I'), ('num', 2, {'type': 'integer'})),
          ( 'labeled',
            20,
            ( 'if_then',
              ( 'logop',
                'and',
                ( 'relop',
                  '.LE.',
                  ('var', 'I', {'type': 'integer'}),
                  ( 'binop',
                    '/',
                    ('var', 'NUM', {'type': 'integer'}),
                    ('num', 2, {'type': 'integer'}),
                    {'type': 'integer'}),
                  {'type': 'logical'}),
                ('var', 'ISPRIM', {'type': 'logical'}),
                {'type': 'logical'}),
              [ ( 'if_then',
                  ( 'relop',
                    '.EQ.',
                    ( 'call',
                      'MOD',
                      [ ('var', 'NUM', {'type': 'integer'}),
                        ('var', 'I', {'type': 'integer'})],
                      {'type': 'integer'}),
                    ('num', 0, {'type': 'integer'}),
                    {'type': 'logical'}),
                  [ ( 'assign',
                      ('var', 'ISPRIM'),
                      ('bool', False, {'type': 'logical'}))],
                  []),
                ( 'assign',
                  ('var', 'I'),
                  ( 'binop',
                    '+',
                    ('var', 'I', {'type': 'integer'}),
                    ('num', 1, {'type': 'integer'}),
                    {'type': 'integer'})),
                ('goto', 20)],
              [])),
          ( 'if_then_else',
            ('var', 'ISPRIM', {'type': 'logical'}),
            [ ( 'print',
                [ ('var', 'NUM', {'type': 'integer'}),
                  ('string', ' e um numero primo', {'type': 'string'})])],
            [ ( 'print',
                [ ('var', 'NUM', {'type': 'integer'}),
                  ( 'string',
                    ' nao e um numero primo',
                    {'type': 'string'})])])]))])